[3, 1, 4, 1, 5, 9]
[1, 3, 4, 1, 5, 9]
[1, 1, 4, 3, 5, 9]
[1, 1, 3, 4, 5, 9]
[1, 1, 3, 4, 5, 9]
