time:3<join>rotate:90
time:3<join>rotate:90
time:3<join>rotate:90
time:3<join>rotate:90
time:30<join>rotate:45
time:30<join>rotate:45
time:30<join>rotate:45
time:30<join>rotate:45
rotate:90
rotate:90
rotate:45
rotate:45
