맛있는 피자, 철수의 입으로 모두 들어갑니다.
맛있는 햄버거, 영희의 입으로 모두 들어갑니다.
맛있는 치킨, 형님의 입으로 모두 들어갑니다.
맛있는 초밥, 동생의 입으로 모두 들어갑니다.
맛있는 유부초밥, 현수의 입으로 모두 들어갑니다.
맛있는 유부초밥, 현수의 입으로 모두 들어갑니다.
맛있는 대나무, 현수의 입으로 모두 들어갑니다.
맛있는 대나무, 지우의 입으로 모두 들어갑니다.
그건 제가 도와드릴 수 없어요
그건 제가 도와드릴 수 없어요
그건 제가 도와드릴 수 없어요
그건 제가 도와드릴 수 없어요
그것도 제가 도와드릴 순 없어요..
그것도 제가 도와드릴 순 없어요..
그것도 제가 도와드릴 순 없어요..
그것도 제가 도와드릴 순 없어요..
그것도 제가 도와드릴 순 없어요..
그것도 제가 도와드릴 순 없어요..
