[떡볶이, 라면, 순대, 튀김, 어묵, 슬러시]
떡볶이
라면
순대
튀김
어묵
슬러시
[떡볶이, 순대, 어묵]
먹고 싶다 튀김
[1, 2, [3, 4]]
홍길동1
[11, 0, 야옹야옹야옹, 2, 2]
