0
1
2
3
4
5
6
7
8
9
A
A
A
A
A
B
B
B
X
Y
Z
M
N
A
B
A
B
1
2
3
